// Jest Snapshot v1, https://goo.gl/fbAQLP

exports[`Entry @xl-vision/react 1`] = `
Array [
  "styled",
  "createGlobalStyles",
  "ThemeProvider",
  "LocalizationProvider",
  "Transition",
  "CSSTransition",
  "CollapseTransition",
  "TransitionGroup",
  "Row",
  "Icon",
  "Ripple",
  "Button",
  "BaseButton",
  "Portal",
  "CssBaseline",
  "Popper",
  "Tooltip",
  "Popover",
  "Popconfirm",
  "Dropdown",
]
`;
