// Jest Snapshot v1, https://goo.gl/fbAQLP

exports[`check packages entry @xl-vision/react 1`] = `
Array [
  "ThemeProvider",
  "Transition",
  "CSSTransition",
  "CollapseTransition",
  "TransitionGroup",
  "Row",
  "Icon",
  "styled",
  "createGlobalStyles",
  "createTheme",
  "ThemeContext",
]
`;
